// Jest Snapshot v1, https://goo.gl/fbAQLP

exports[`School information should render component 1`] = `[Function]`;

exports[`School information should render component 2`] = `[Function]`;

exports[`School information should render component 3`] = `[Function]`;
