// Jest Snapshot v1, https://goo.gl/fbAQLP

exports[`Single school status should render component 1`] = `[Function]`;
