// Jest Snapshot v1, https://goo.gl/fbAQLP

exports[`User role should render component 1`] = `[Function]`;
