// Jest Snapshot v1, https://goo.gl/fbAQLP

exports[`Layer selection filter modal should render component 1`] = `[Function]`;
