// Jest Snapshot v1, https://goo.gl/fbAQLP

exports[`LayerSelectionFilterModalBody should render component 1`] = `[Function]`;
