// Jest Snapshot v1, https://goo.gl/fbAQLP

exports[`Sidebar menu list component should render component 1`] = `[Function]`;
