// Jest Snapshot v1, https://goo.gl/fbAQLP

exports[`Week slider should render component 1`] = `[Function]`;
