// Jest Snapshot v1, https://goo.gl/fbAQLP

exports[`ConnectivityLayer should render component 1`] = `[Function]`;
