// Jest Snapshot v1, https://goo.gl/fbAQLP

exports[`CoverageLayer should render component 1`] = `[Function]`;
