// Jest Snapshot v1, https://goo.gl/fbAQLP

exports[`Connectivity speed options should render component 1`] = `[Function]`;
