// Jest Snapshot v1, https://goo.gl/fbAQLP

exports[`Layer realtime connected school should render component 1`] = `[Function]`;

exports[`Layer realtime connected school should render component 2`] = `[Function]`;
