// Jest Snapshot v1, https://goo.gl/fbAQLP

exports[`Layer schools connectivity status should render component 1`] = `[Function]`;
