// Jest Snapshot v1, https://goo.gl/fbAQLP

exports[`Month slider should render component 1`] = `[Function]`;
